===== A_repro1 : 23:27:16
model=animagine-xl-4.0.safetensors seed=12345 steps=28 cfg=5.0 1024x1024 x1
30.2s  →  
real 30.25
user 0.06
sys 0.02
===== A_repro1 end : 23:27:46
===== B_bust : 23:27:46
model=animagine-xl-4.0.safetensors seed=999 steps=28 cfg=5.0 1024x1024 x1
1.0s  →  
real 1.07
user 0.04
sys 0.01
===== B_bust end : 23:27:47
===== C_repro2 : 23:27:47
model=animagine-xl-4.0.safetensors seed=12345 steps=28 cfg=5.0 1024x1024 x1
87.4s  →  /Users/ymacmini/Documents/claudecode@macmini/dev/sd-studio/out/rep_00001_.png
real 87.51
user 0.07
sys 0.02
===== C_repro2 end : 23:29:15
===== D_batch4 : 23:29:15
model=animagine-xl-4.0.safetensors seed=4444 steps=28 cfg=5.0 1024x1024 x4
348.1s  →  /Users/ymacmini/Documents/claudecode@macmini/dev/sd-studio/out/b4_00001_.png
           /Users/ymacmini/Documents/claudecode@macmini/dev/sd-studio/out/b4_00002_.png
           /Users/ymacmini/Documents/claudecode@macmini/dev/sd-studio/out/b4_00003_.png
           /Users/ymacmini/Documents/claudecode@macmini/dev/sd-studio/out/b4_00004_.png
real 348.17
user 0.15
sys 0.08
===== D_batch4 end : 23:35:03
===== E_832 : 23:35:03
model=animagine-xl-4.0.safetensors seed=777 steps=28 cfg=5.0 832x1216 x1
84.7s  →  /Users/ymacmini/Documents/claudecode@macmini/dev/sd-studio/out/r832_00001_.png
real 84.86
user 0.08
sys 0.03
===== E_832 end : 23:36:28
===== F_1536 : 23:36:28
model=animagine-xl-4.0.safetensors seed=777 steps=28 cfg=5.0 1536x1536 x1
264.8s  →  /Users/ymacmini/Documents/claudecode@macmini/dev/sd-studio/out/r1536_00001_.png
real 264.92
user 0.14
sys 0.07
===== F_1536 end : 23:40:53
ALL DONE 23:40:53
